---
source: crates/squawk_linter/src/rules/custom_require_timestamps.rs
assertion_line: 230
expression: "lint_errors(sql, Rule::CustomRequireTimestamps)"
---
warning[custom-require-timestamps]: `deleted_at` must be nullable `timestamptz` with no default.
  ╭▸ 
6 │   deleted_at timestamptz NOT NULL
  ╰╴  ━━━━━━━━━━━━━━━━━━━━━━━━━━━━━━━
